[quedijo.nl/qdijo.html]
[backblue.gif]
[fade.gif]
[index.html]
[quedijo.nl/hs-fs/hub/40127748/hub_generated/template_assets/123052758139/1688182537518/marketplace/TransFunnel_Consulting/Product_Launch_Easy_Free_DIY/css/main.min.css]
[quedijo.nl/hs-fs/hub/40127748/hub_generated/template_assets/123051985564/1688182536614/marketplace/TransFunnel_Consulting/Product_Launch_Easy_Free_DIY/css/additional/bootstrap.min.css]
[quedijo.nl/hs-fs/hub/40127748/hub_generated/template_assets/123051985536/1688182538380/marketplace/TransFunnel_Consulting/Product_Launch_Easy_Free_DIY/css/additional/slick.min.css]
[quedijo.nl/hs-fs/hub/40127748/hub_generated/template_assets/123052757927/1688182537943/marketplace/TransFunnel_Consulting/Product_Launch_Easy_Free_DIY/css/additional/slick-theme.min.css]
[quedijo.nl/hs-fs/hub/40127748/hub_generated/template_assets/123052757928/1688182533519/marketplace/TransFunnel_Consulting/Product_Launch_Easy_Free_DIY/css/theme-overrides.min.css]
[quedijo.nl/hs-fs/hub/40127748/hub_generated/template_assets/123052757941/1688182534408/marketplace/TransFunnel_Consulting/Product_Launch_Easy_Free_DIY/css/css-module/menu.min.css]
[cdn2.hubspot.net/hub/-1/hub_generated/module_assets/-2712622/1688339879406/module_-2712622_Site_search_input.min.css]
[quedijo.nl/hs-fs/hub/40127748/hub_generated/template_assets/123052757918/1688182536563/marketplace/TransFunnel_Consulting/Product_Launch_Easy_Free_DIY/css/additional/lightbox.min.css]
[quedijo.nl/hs-fs/hub/40127748/hub_generated/template_assets/123051985542/1688182535954/marketplace/TransFunnel_Consulting/Product_Launch_Easy_Free_DIY/css/css-module/pricing-card.min.css]
[cdn2.hubspot.net/hub/-1/hub_generated/module_assets/-51827829364/1688339876675/module_-51827829364_Icon.min.css]
[quedijo.nl/hubfs/raw_assets/public/@marketplace/TransFunnel_Consulting/Product_Launch_Easy_Free_DIY/images/page_images/home-banner.png]
[quedijo.nl/hubfs/raw_assets/public/@marketplace/TransFunnel_Consulting/Product_Launch_Easy_Free_DIY/images/page_images/product_cta.png]
[quedijo.nl/hubfs/raw_assets/public/@marketplace/TransFunnel_Consulting/Product_Launch_Easy_Free_DIY/images/page_images/testimonial-bg.png]
[quedijo.nl/hubfs/raw_assets/public/@marketplace/TransFunnel_Consulting/Product_Launch_Easy_Free_DIY/images/page_images/video-bg-min.png]
[quedijo.nl/_hcms/googlefonts/Lato/regular.woff2]
[quedijo.nl/_hcms/googlefonts/Lato/regular.woff]
[quedijo.nl/_hcms/googlefonts/Lato/700.woff2]
[quedijo.nl/_hcms/googlefonts/Lato/700.woff]
[quedijo.nl/hs-fs/hub/40127748/hub_generated/template_assets/123051985566/1688182536209/marketplace/TransFunnel_Consulting/Product_Launch_Easy_Free_DIY/js/additional/jquery.min.js]
[quedijo.nl/hs-fs/hubfs/raw_assets/public/@marketplace/TransFunnel_Consulting/Product_Launch_Easy_Free_DIY/images/white_logof05c.png]
[quedijo.nl/hs-fs/hubfs/QUEDIJO4705.png]
[quedijo.nl/hubfs/raw_assets/public/@marketplace/TransFunnel_Consulting/Product_Launch_Easy_Free_DIY/images/page_images/features-icon.png]
[quedijo.nl/hs-fs/hubfs/raw_assets/public/@marketplace/TransFunnel_Consulting/Product_Launch_Easy_Free_DIY/images/page_images/w_5-min1318.png]
[quedijo.nl/hs-fs/hubfs/raw_assets/public/@marketplace/TransFunnel_Consulting/Product_Launch_Easy_Free_DIY/images/page_images/w_5cec6.png]
[quedijo.nl/hs-fs/hubfs/raw_assets/public/@marketplace/TransFunnel_Consulting/Product_Launch_Easy_Free_DIY/images/page_images/cta-img-min2ffa.png]
[quedijo.nl/hubfs/raw_assets/public/@marketplace/TransFunnel_Consulting/Product_Launch_Easy_Free_DIY/images/page_images/interface-min.png]
[quedijo.nl/hs-fs/hubfs/raw_assets/public/@marketplace/TransFunnel_Consulting/Product_Launch_Easy_Free_DIY/images/page_images/OS971A1-mina13e.png]
[quedijo.nl/hubfs/raw_assets/public/@marketplace/TransFunnel_Consulting/Product_Launch_Easy_Free_DIY/images/page_images/team1.png]
[quedijo.nl/hubfs/raw_assets/public/@marketplace/TransFunnel_Consulting/Product_Launch_Easy_Free_DIY/images/page_images/team2.png]
[quedijo.nl/hubfs/raw_assets/public/@marketplace/TransFunnel_Consulting/Product_Launch_Easy_Free_DIY/images/page_images/team3.png]
[quedijo.nl/hs-fs/hubfs/raw_assets/public/@marketplace/TransFunnel_Consulting/Product_Launch_Easy_Free_DIY/images/page_images/video-bg-min6ced.png]
[quedijo.nl/hubfs/raw_assets/public/@marketplace/TransFunnel_Consulting/Product_Launch_Easy_Free_DIY/images/page_images/portrait.png]
[quedijo.nl/qdijof7c3.html]
[quedijo.nl/hs/hsstatic/cms-free-branding-lib/static-1.267/js/index.js]
[static.hsappstatic.net/content-cwv-embed/static-1.240/embed.js]
[quedijo.nl/hs-fs/hub/40127748/hub_generated/template_assets/123052758033/1688182535145/marketplace/TransFunnel_Consulting/Product_Launch_Easy_Free_DIY/js/additional/slick.min.js]
[quedijo.nl/hs-fs/hub/40127748/hub_generated/template_assets/123051985539/1688182534887/marketplace/TransFunnel_Consulting/Product_Launch_Easy_Free_DIY/js/additional/slick-min.min.js]
[quedijo.nl/hs-fs/hub/40127748/hub_generated/template_assets/123051985545/1688182533877/marketplace/TransFunnel_Consulting/Product_Launch_Easy_Free_DIY/js/main.min.js]
[quedijo.nl/hs/hsstatic/cos-i18n/static-1.53/bundles/project.js]
[cdn2.hubspot.net/hub/-1/hub_generated/module_assets/-2712622/1688339878636/module_-2712622_Site_search_input.min.js]
[quedijo.nl/hs-fs/hub/40127748/hub_generated/template_assets/123052757912/1688182538138/marketplace/TransFunnel_Consulting/Product_Launch_Easy_Free_DIY/js/additional/lightbox.min.js]
[quedijo.nl/hs/scriptloader/40127748.js]
[quedijo.nl/qdijo.html]
[quedijo.nl/hs-fs/hub/40127748/hub_generated/template_assets/123052758139/1688182537518/marketplace/TransFunnel_Consulting/Product_Launch_Easy_Free_DIY/css/main.min.css]
[quedijo.nl/hs-fs/hub/40127748/hub_generated/template_assets/123051985564/1688182536614/marketplace/TransFunnel_Consulting/Product_Launch_Easy_Free_DIY/css/additional/bootstrap.min.css]
[quedijo.nl/hs-fs/hub/40127748/hub_generated/template_assets/123051985536/1688182538380/marketplace/TransFunnel_Consulting/Product_Launch_Easy_Free_DIY/css/additional/slick.min.css]
[quedijo.nl/hs/hsstatic/HubspotToolsMenu/static-1.191/js/index.js]
[40127748.fs1.hubspotusercontent-na1.net/hubfs/40127748/raw_assets/public/@marketplace/TransFunnel_Consulting/Product_Launch_Easy_Free_DIY/images/ajax-loader.gif]
[quedijo.nl/hs-fs/hub/40127748/hub_generated/template_assets/123052757927/1688182537943/marketplace/TransFunnel_Consulting/Product_Launch_Easy_Free_DIY/css/additional/slick-theme.min.css]
[quedijo.nl/hs-fs/hub/40127748/hub_generated/template_assets/123052757928/1688182533519/marketplace/TransFunnel_Consulting/Product_Launch_Easy_Free_DIY/css/theme-overrides.min.css]
[quedijo.nl/hs-fs/hub/40127748/hub_generated/template_assets/123052757941/1688182534408/marketplace/TransFunnel_Consulting/Product_Launch_Easy_Free_DIY/css/css-module/menu.min.css]
[cdn2.hubspot.net/hub/-1/hub_generated/module_assets/-2712622/1688339879406/module_-2712622_Site_search_input.min.css]
[quedijo.nl/hs-fs/hub/40127748/hub_generated/template_assets/123052757918/1688182536563/marketplace/TransFunnel_Consulting/Product_Launch_Easy_Free_DIY/css/additional/lightbox.min.css]
[quedijo.nl/hs-fs/hub/40127748/hub_generated/template_assets/123051985542/1688182535954/marketplace/TransFunnel_Consulting/Product_Launch_Easy_Free_DIY/css/css-module/pricing-card.min.css]
[cdn2.hubspot.net/hub/-1/hub_generated/module_assets/-51827829364/1688339876675/module_-51827829364_Icon.min.css]
[quedijo.nl/indexc6eb.html]
[quedijo.nl/qdijof7c3.html]
